// Vitest Snapshot v1, https://vitest.dev/guide/snapshot.html

exports[`GridBody > should match the snapshot 1`] = `
<DocumentFragment>
  <table>
    <colgroup>
      <col
        class="cl-grid-column cl-grid-column_first cl-grid-column_check"
      />
      <col
        class="cl-grid-column cl-grid-column_highlighted"
      />
      <col
        class="cl-grid-column column-class"
      />
      <col
        class="cl-grid-column"
      />
    </colgroup>
  </table>
</DocumentFragment>
`;
