// Vitest Snapshot v1, https://vitest.dev/guide/snapshot.html

exports[`Grid > should match the snapshot 1`] = `
<DocumentFragment>
  <div
    class="cl-grid__wrapper"
  >
    <table
      class="cl-grid test-class"
      style="width: 100px;"
      tabindex="-1"
    >
      <colgroup>
        <col
          class="cl-grid-column__column cl-grid-column__column_first"
        />
        <col
          class="cl-grid-column__column"
        />
        <col
          class="cl-grid-column__column"
        />
        <col
          class="cl-grid-column__column"
        />
        <col
          class="cl-grid-column__column"
        />
      </colgroup>
      <thead
        class="cl-grid-head"
      >
        <tr
          class="cl-grid-head__row"
        >
          <th
            class="cl-header-cell"
          >
            <div
              class="cl-grid-checkbox"
            >
              <input
                class="cl-grid-checkbox__input"
                id="select_all_grid-id"
                type="checkbox"
              />
              <label
                class="cl-label"
                for="select_all_grid-id"
              >
                <span
                  class="cl-icon chop-icon__square cl-icon_extra-small"
                />
              </label>
            </div>
          </th>
          <th
            class="cl-header-cell"
          >
            Company
          </th>
          <th
            class="cl-header-cell"
          >
            Contact
          </th>
          <th
            class="cl-header-cell"
          >
            Country
          </th>
          <th
            class="cl-header-cell"
          >
            Phone
          </th>
        </tr>
      </thead>
      <tbody
        class="cl-grid-body"
      >
        <tr
          class="cl-grid-row"
        >
          <td
            class="cl-grid-data-cell"
          >
            <div
              class="cl-grid-checkbox"
            >
              <input
                class="cl-grid-checkbox__input"
                id="select_row_row1"
                type="checkbox"
              />
              <label
                class="cl-label"
                for="select_row_row1"
              >
                <span
                  class="cl-icon chop-icon__square cl-icon_extra-small"
                />
              </label>
            </div>
          </td>
          <td
            class="cl-grid-data-cell"
          />
          <td
            class="cl-grid-data-cell"
          >
            Maria
          </td>
          <td
            class="cl-grid-data-cell"
          >
            Germany
          </td>
          <td
            class="cl-grid-data-cell"
          >
            123-345-7890
          </td>
        </tr>
        <tr
          class="cl-grid-row"
        >
          <td
            class="cl-grid-data-cell"
          >
            <div
              class="cl-grid-checkbox"
            >
              <input
                class="cl-grid-checkbox__input"
                id="select_row_row2"
                type="checkbox"
              />
              <label
                class="cl-label"
                for="select_row_row2"
              >
                <span
                  class="cl-icon chop-icon__square cl-icon_extra-small"
                />
              </label>
            </div>
          </td>
          <td
            class="cl-grid-data-cell"
          />
          <td
            class="cl-grid-data-cell"
          >
            Francisco
          </td>
          <td
            class="cl-grid-data-cell"
          >
            Mexico
          </td>
          <td
            class="cl-grid-data-cell"
          >
            123-345-7890
          </td>
        </tr>
        <tr
          class="cl-grid-row"
        >
          <td
            class="cl-grid-data-cell"
          >
            <div
              class="cl-grid-checkbox"
            >
              <input
                class="cl-grid-checkbox__input"
                id="select_row_row3"
                type="checkbox"
              />
              <label
                class="cl-label"
                for="select_row_row3"
              >
                <span
                  class="cl-icon chop-icon__square cl-icon_extra-small"
                />
              </label>
            </div>
          </td>
          <td
            class="cl-grid-data-cell"
          >
            Ernst Handel
          </td>
          <td
            class="cl-grid-data-cell"
          >
            Roland Mendel
          </td>
          <td
            class="cl-grid-data-cell"
          >
            Austria
          </td>
          <td
            class="cl-grid-data-cell"
          >
            123-345-7890
          </td>
        </tr>
        <tr
          class="cl-grid-row"
        >
          <td
            class="cl-grid-data-cell"
          >
            <div
              class="cl-grid-checkbox"
            >
              <input
                class="cl-grid-checkbox__input"
                id="select_row_row4"
                type="checkbox"
              />
              <label
                class="cl-label"
                for="select_row_row4"
              >
                <span
                  class="cl-icon chop-icon__square cl-icon_extra-small"
                />
              </label>
            </div>
          </td>
          <td
            class="cl-grid-data-cell"
          >
            Island Trading
          </td>
          <td
            class="cl-grid-data-cell"
          >
            Helen Bennett
          </td>
          <td
            class="cl-grid-data-cell"
          >
            UK
          </td>
          <td
            class="cl-grid-data-cell"
          >
            123-345-7890
          </td>
        </tr>
        <tr
          class="cl-grid-row"
        >
          <td
            class="cl-grid-data-cell"
          >
            <div
              class="cl-grid-checkbox"
            >
              <input
                class="cl-grid-checkbox__input"
                id="select_row_row5"
                type="checkbox"
              />
              <label
                class="cl-label"
                for="select_row_row5"
              >
                <span
                  class="cl-icon chop-icon__square cl-icon_extra-small"
                />
              </label>
            </div>
          </td>
          <td
            class="cl-grid-data-cell"
          >
            Laughing Bacchus
          </td>
          <td
            class="cl-grid-data-cell"
          />
          <td
            class="cl-grid-data-cell"
          >
            Canada
          </td>
          <td
            class="cl-grid-data-cell"
          >
            123-345-7890
          </td>
        </tr>
        <tr
          class="cl-grid-row"
        >
          <td
            class="cl-grid-data-cell"
          >
            <div
              class="cl-grid-checkbox"
            >
              <input
                class="cl-grid-checkbox__input"
                id="select_row_row6"
                type="checkbox"
              />
              <label
                class="cl-label"
                for="select_row_row6"
              >
                <span
                  class="cl-icon chop-icon__square cl-icon_extra-small"
                />
              </label>
            </div>
          </td>
          <td
            class="cl-grid-data-cell"
          />
          <td
            class="cl-grid-data-cell"
          >
            Giovanni
          </td>
          <td
            class="cl-grid-data-cell"
          >
            Italy
          </td>
          <td
            class="cl-grid-data-cell"
          >
            123-345-7890
          </td>
        </tr>
      </tbody>
    </table>
  </div>
</DocumentFragment>
`;
