// Vitest Snapshot v1, https://vitest.dev/guide/snapshot.html

exports[`GridRow > should match the snapshot 1`] = `
<DocumentFragment>
  <table>
    <tbody>
      <tr
        class="cl-grid-row"
      >
        <td>
          <div
            class="cl-grid-checkbox"
          >
            <input
              class="cl-grid-checkbox__input"
              id="select_row_item-1"
              type="checkbox"
            />
            <label
              class="cl-label"
              for="select_row_item-1"
            >
              <span
                class="cl-icon chop-icon__square cl-icon_extra-small"
              />
            </label>
          </div>
        </td>
        <td>
          Value 1
        </td>
        <td>
          Value 2
        </td>
        <td>
          <span>
            Value 3
          </span>
        </td>
      </tr>
    </tbody>
  </table>
</DocumentFragment>
`;
