// Vitest Snapshot v1, https://vitest.dev/guide/snapshot.html

exports[`GridBody > should match the snapshot 1`] = `
<DocumentFragment>
  <table>
    <colgroup>
      <col
        class="cl-grid-column__column cl-grid-column__column_first"
      />
      <col
        class="cl-grid-column__column cl-grid-column__column_highlighted"
      />
      <col
        class="cl-grid-column__column column-class"
      />
      <col
        class="cl-grid-column__column"
      />
    </colgroup>
  </table>
</DocumentFragment>
`;
