// Vitest Snapshot v1, https://vitest.dev/guide/snapshot.html

exports[`GridBody > should match the snapshot 1`] = `
<DocumentFragment>
  <table>
    <tbody
      class="cl-grid-body"
    >
      <tr
        class="cl-grid-row"
      >
        <td
          class="cl-grid-data-cell"
        >
          <div
            class="cl-grid-checkbox"
          >
            <input
              class="cl-grid-checkbox__input"
              id="select_row_row1"
              type="checkbox"
            />
            <label
              class="cl-label"
              for="select_row_row1"
            >
              <span
                class="cl-icon chop-icon__square cl-icon_extra-small"
              />
            </label>
          </div>
        </td>
        <td
          class="cl-grid-data-cell"
        >
          Value 1
        </td>
        <td
          class="cl-grid-data-cell"
        >
          Value 2
        </td>
        <td
          class="cl-grid-data-cell"
        >
          Value 3
        </td>
      </tr>
      <tr
        class="cl-grid-row"
      >
        <td
          class="cl-grid-data-cell"
        >
          <div
            class="cl-grid-checkbox"
          >
            <input
              class="cl-grid-checkbox__input"
              id="select_row_row2"
              type="checkbox"
            />
            <label
              class="cl-label"
              for="select_row_row2"
            >
              <span
                class="cl-icon chop-icon__square cl-icon_extra-small"
              />
            </label>
          </div>
        </td>
        <td
          class="cl-grid-data-cell"
        >
          Value 5
        </td>
        <td
          class="cl-grid-data-cell"
        >
          Value 6
        </td>
        <td
          class="cl-grid-data-cell"
        >
          Value 7
        </td>
      </tr>
      <tr
        class="cl-grid-row"
      >
        <td
          class="cl-grid-data-cell"
        >
          <div
            class="cl-grid-checkbox"
          >
            <input
              class="cl-grid-checkbox__input"
              id="select_row_row3"
              type="checkbox"
            />
            <label
              class="cl-label"
              for="select_row_row3"
            >
              <span
                class="cl-icon chop-icon__square cl-icon_extra-small"
              />
            </label>
          </div>
        </td>
        <td
          class="cl-grid-data-cell"
        >
          Value 9
        </td>
        <td
          class="cl-grid-data-cell"
        >
          Value 10
        </td>
        <td
          class="cl-grid-data-cell"
        >
          Value 11
        </td>
      </tr>
    </tbody>
  </table>
</DocumentFragment>
`;
