// Vitest Snapshot v1, https://vitest.dev/guide/snapshot.html

exports[`GridBody > should match the snapshot 1`] = `
<DocumentFragment>
  <table>
    <tbody
      class="_body_4abb59"
    >
      <tr
        class="_row_2ee1c8"
      >
        <td
          class="_cell_06c8d1"
        >
          <div
            class="_checkbox_9bd529"
          >
            <input
              class="_checkbox_input_9bd529"
              id="select_row_row1"
              type="checkbox"
            />
            <label
              class="_label_5091d6"
              for="select_row_row1"
            >
              <span
                class="_icon_afc5be chop-icon__square"
              />
            </label>
          </div>
        </td>
        <td
          class="_cell_f56690"
        >
          Value 1
        </td>
        <td
          class="_cell_f56690"
        >
          Value 2
        </td>
        <td
          class="_cell_f56690"
        >
          Value 3
        </td>
      </tr>
      <tr
        class="_row_2ee1c8"
      >
        <td
          class="_cell_06c8d1"
        >
          <div
            class="_checkbox_9bd529"
          >
            <input
              class="_checkbox_input_9bd529"
              id="select_row_row2"
              type="checkbox"
            />
            <label
              class="_label_5091d6"
              for="select_row_row2"
            >
              <span
                class="_icon_afc5be chop-icon__square"
              />
            </label>
          </div>
        </td>
        <td
          class="_cell_f56690"
        >
          Value 5
        </td>
        <td
          class="_cell_f56690"
        >
          Value 6
        </td>
        <td
          class="_cell_f56690"
        >
          Value 7
        </td>
      </tr>
      <tr
        class="_row_2ee1c8"
      >
        <td
          class="_cell_06c8d1"
        >
          <div
            class="_checkbox_9bd529"
          >
            <input
              class="_checkbox_input_9bd529"
              id="select_row_row3"
              type="checkbox"
            />
            <label
              class="_label_5091d6"
              for="select_row_row3"
            >
              <span
                class="_icon_afc5be chop-icon__square"
              />
            </label>
          </div>
        </td>
        <td
          class="_cell_f56690"
        >
          Value 9
        </td>
        <td
          class="_cell_f56690"
        >
          Value 10
        </td>
        <td
          class="_cell_f56690"
        >
          Value 11
        </td>
      </tr>
    </tbody>
  </table>
</DocumentFragment>
`;
