// Vitest Snapshot v1, https://vitest.dev/guide/snapshot.html

exports[`GridHead > should match the snapshot 1`] = `
<DocumentFragment>
  <table>
    <thead
      class="_head_3e15c7"
    >
      <tr
        class="_head_row_3e15c7"
      >
        <th
          class="_headerCell_849111"
        >
          <div
            class="_checkbox_9bd529"
          >
            <input
              class="_checkbox_input_9bd529"
              id="select_all_test-grid-id"
              type="checkbox"
            />
            <label
              class="_label_5091d6"
              for="select_all_test-grid-id"
            >
              <span
                class="_label_icon_5091d6 _icon_afc5be chop-icon__square"
              />
            </label>
          </div>
        </th>
        <th
          class="_headerCell_b798d8"
        >
          Col 1
        </th>
        <th
          class="_headerCell_b798d8"
        >
          Col 2
        </th>
        <th
          class="_headerCell_b798d8"
        >
          Col 3
        </th>
      </tr>
    </thead>
  </table>
</DocumentFragment>
`;
