// Vitest Snapshot v1, https://vitest.dev/guide/snapshot.html

exports[`Grid > should match the snapshot 1`] = `
<DocumentFragment>
  <div
    class="_grid_wrapper_54d0a5"
  >
    <table
      class="_grid_54d0a5 test-class"
      style="width: 100px;"
      tabindex="-1"
    >
      <colgroup>
        <col
          class="_column_9c4a25 _column__first_9c4a25"
        />
        <col
          class="_column_9c4a25"
        />
        <col
          class="_column_9c4a25"
        />
        <col
          class="_column_9c4a25"
        />
        <col
          class="_column_9c4a25"
        />
      </colgroup>
      <thead
        class="_head_3e15c7"
      >
        <tr
          class="_head_row_3e15c7"
        >
          <th
            class="_headerCell_849111"
          >
            <div
              class="_checkbox_9bd529"
            >
              <input
                class="_checkbox_input_9bd529"
                id="select_all_grid-id"
                type="checkbox"
              />
              <label
                class="cl-label"
                for="select_all_grid-id"
              >
                <span
                  class="cl-icon chop-icon__square cl-icon_large"
                />
              </label>
            </div>
          </th>
          <th
            class="_headerCell_b798d8"
          >
            Company
          </th>
          <th
            class="_headerCell_b798d8"
          >
            Contact
          </th>
          <th
            class="_headerCell_b798d8"
          >
            Country
          </th>
          <th
            class="_headerCell_b798d8"
          >
            Phone
          </th>
        </tr>
      </thead>
      <tbody
        class="_body_4abb59"
      >
        <tr
          class="_row_2ee1c8"
        >
          <td
            class="_cell_06c8d1"
          >
            <div
              class="_checkbox_9bd529"
            >
              <input
                class="_checkbox_input_9bd529"
                id="select_row_row1"
                type="checkbox"
              />
              <label
                class="cl-label"
                for="select_row_row1"
              >
                <span
                  class="cl-icon chop-icon__square cl-icon_large"
                />
              </label>
            </div>
          </td>
          <td
            class="_cell_f56690"
          />
          <td
            class="_cell_f56690"
          >
            Maria
          </td>
          <td
            class="_cell_f56690"
          >
            Germany
          </td>
          <td
            class="_cell_f56690"
          >
            123-345-7890
          </td>
        </tr>
        <tr
          class="_row_2ee1c8"
        >
          <td
            class="_cell_06c8d1"
          >
            <div
              class="_checkbox_9bd529"
            >
              <input
                class="_checkbox_input_9bd529"
                id="select_row_row2"
                type="checkbox"
              />
              <label
                class="cl-label"
                for="select_row_row2"
              >
                <span
                  class="cl-icon chop-icon__square cl-icon_large"
                />
              </label>
            </div>
          </td>
          <td
            class="_cell_f56690"
          />
          <td
            class="_cell_f56690"
          >
            Francisco
          </td>
          <td
            class="_cell_f56690"
          >
            Mexico
          </td>
          <td
            class="_cell_f56690"
          >
            123-345-7890
          </td>
        </tr>
        <tr
          class="_row_2ee1c8"
        >
          <td
            class="_cell_06c8d1"
          >
            <div
              class="_checkbox_9bd529"
            >
              <input
                class="_checkbox_input_9bd529"
                id="select_row_row3"
                type="checkbox"
              />
              <label
                class="cl-label"
                for="select_row_row3"
              >
                <span
                  class="cl-icon chop-icon__square cl-icon_large"
                />
              </label>
            </div>
          </td>
          <td
            class="_cell_f56690"
          >
            Ernst Handel
          </td>
          <td
            class="_cell_f56690"
          >
            Roland Mendel
          </td>
          <td
            class="_cell_f56690"
          >
            Austria
          </td>
          <td
            class="_cell_f56690"
          >
            123-345-7890
          </td>
        </tr>
        <tr
          class="_row_2ee1c8"
        >
          <td
            class="_cell_06c8d1"
          >
            <div
              class="_checkbox_9bd529"
            >
              <input
                class="_checkbox_input_9bd529"
                id="select_row_row4"
                type="checkbox"
              />
              <label
                class="cl-label"
                for="select_row_row4"
              >
                <span
                  class="cl-icon chop-icon__square cl-icon_large"
                />
              </label>
            </div>
          </td>
          <td
            class="_cell_f56690"
          >
            Island Trading
          </td>
          <td
            class="_cell_f56690"
          >
            Helen Bennett
          </td>
          <td
            class="_cell_f56690"
          >
            UK
          </td>
          <td
            class="_cell_f56690"
          >
            123-345-7890
          </td>
        </tr>
        <tr
          class="_row_2ee1c8"
        >
          <td
            class="_cell_06c8d1"
          >
            <div
              class="_checkbox_9bd529"
            >
              <input
                class="_checkbox_input_9bd529"
                id="select_row_row5"
                type="checkbox"
              />
              <label
                class="cl-label"
                for="select_row_row5"
              >
                <span
                  class="cl-icon chop-icon__square cl-icon_large"
                />
              </label>
            </div>
          </td>
          <td
            class="_cell_f56690"
          >
            Laughing Bacchus
          </td>
          <td
            class="_cell_f56690"
          />
          <td
            class="_cell_f56690"
          >
            Canada
          </td>
          <td
            class="_cell_f56690"
          >
            123-345-7890
          </td>
        </tr>
        <tr
          class="_row_2ee1c8"
        >
          <td
            class="_cell_06c8d1"
          >
            <div
              class="_checkbox_9bd529"
            >
              <input
                class="_checkbox_input_9bd529"
                id="select_row_row6"
                type="checkbox"
              />
              <label
                class="cl-label"
                for="select_row_row6"
              >
                <span
                  class="cl-icon chop-icon__square cl-icon_large"
                />
              </label>
            </div>
          </td>
          <td
            class="_cell_f56690"
          />
          <td
            class="_cell_f56690"
          >
            Giovanni
          </td>
          <td
            class="_cell_f56690"
          >
            Italy
          </td>
          <td
            class="_cell_f56690"
          >
            123-345-7890
          </td>
        </tr>
      </tbody>
    </table>
  </div>
</DocumentFragment>
`;
