// Vitest Snapshot v1, https://vitest.dev/guide/snapshot.html

exports[`SelectAllRowsCell > should match the snapshot 1`] = `
<DocumentFragment>
  <table>
    <thead>
      <tr>
        <th
          class="cl-header-cell"
        >
          <div
            class="cl-grid-checkbox cl-grid-checkbox_checked"
          >
            <input
              checked=""
              class="cl-grid-checkbox__input"
              id="select_all_grid-id"
              type="checkbox"
            />
            <label
              class="cl-label"
              for="select_all_grid-id"
            >
              <span
                class="cl-icon chop-icon__check-square cl-icon_large"
              />
            </label>
          </div>
        </th>
      </tr>
    </thead>
  </table>
</DocumentFragment>
`;
