// Vitest Snapshot v1, https://vitest.dev/guide/snapshot.html

exports[`SelectGridRowCheckbox > should match the snapshot 1`] = `
<DocumentFragment>
  <table>
    <thead>
      <tr>
        <td
          class="_cell_06c8d1"
        >
          <div
            class="_checkbox_9bd529 _checkbox__checked_9bd529"
          >
            <input
              checked=""
              class="_checkbox_input_9bd529"
              id="select_row_grid-id"
              type="checkbox"
            />
            <label
              class="_label_5091d6"
              for="select_row_grid-id"
            >
              <span
                class="_icon_afc5be chop-icon__check-square"
              />
            </label>
          </div>
        </td>
      </tr>
    </thead>
  </table>
</DocumentFragment>
`;
