// Vitest Snapshot v1, https://vitest.dev/guide/snapshot.html

exports[`SelectAllRowsCell > should match the snapshot 1`] = `
<DocumentFragment>
  <table>
    <thead>
      <tr>
        <th
          class="_headerCell_849111"
        >
          <div
            class="_checkbox_9bd529 _checkbox__checked_9bd529"
          >
            <input
              checked=""
              class="_checkbox_input_9bd529"
              id="select_all_grid-id"
              type="checkbox"
            />
            <label
              class="_label_5091d6"
              for="select_all_grid-id"
            >
              <span
                class="_label_icon_5091d6 _icon_afc5be chop-icon__check-square _icon__medium_afc5be"
              />
            </label>
          </div>
        </th>
      </tr>
    </thead>
  </table>
</DocumentFragment>
`;
