// Vitest Snapshot v1, https://vitest.dev/guide/snapshot.html

exports[`ChopLogicButton > should match the snapshot 1`] = `
<DocumentFragment>
  <button
    class="cl-button test-button-class cl-button_danger"
    id="test-button-id"
    type="button"
  >
    <span
      aria-hidden="true"
      class="cl-icon__copy"
    />
    <span
      class="cl-button__text"
    >
      Test button
    </span>
  </button>
</DocumentFragment>
`;
