// Vitest Snapshot v1, https://vitest.dev/guide/snapshot.html

exports[`ChopLogicTextInput tests: > should render the input correctly 1`] = `
<DocumentFragment>
  <div
    class="cl-checkbox"
  >
    <input
      class="cl-checkbox__input"
      id="test-checkbox-id"
      name="testCheckbox"
      type="checkbox"
    />
    <label
      class="cl-label cl-checkbox__label cl-icon__checkbox-unchecked"
      for="test-checkbox-id"
    >
      <span
        class="cl-label__text"
      >
        Test checkbox:
      </span>
    </label>
  </div>
</DocumentFragment>
`;
