// Vitest Snapshot v1, https://vitest.dev/guide/snapshot.html

exports[`Menu Component > renders a menu bar with the correct role 1`] = `
<DocumentFragment>
  <menu
    class="_menuBar_3c65e9 _menuBar__vertical_3c65e9"
  >
    <li
      class="_menuLeaf_35fbff"
      role="menuitem"
      tabindex="0"
    >
      <span>
        Item 1
      </span>
    </li>
    <li
      aria-expanded="false"
      aria-haspopup="true"
      class="_subMenu_007bcc"
      role="menuitem"
      tabindex="0"
    >
      <span
        class="_text_007bcc"
      >
        <span>
          Item 2
        </span>
        <span
          class="_icon_afc5be chop-icon__arrow-down"
        />
      </span>
    </li>
  </menu>
</DocumentFragment>
`;
