// Vitest Snapshot v1, https://vitest.dev/guide/snapshot.html

exports[`MenuLeaf > should match the snapshot 1`] = `
<DocumentFragment>
  <li
    class="_menuLeaf_35fbff"
    role="menuitem"
    tabindex="0"
  >
    <span
      aria-hidden="true"
      class="_icon_afc5be chop-icon__home"
    />
    <span>
      Go Home
    </span>
  </li>
</DocumentFragment>
`;
