// Vitest Snapshot v1, https://vitest.dev/guide/snapshot.html

exports[`Menu Component > renders a menu bar with the correct role 1`] = `
<DocumentFragment>
  <menu
    class="cl-menu-bar cl-menu-bar_vertical"
  >
    <li
      class="cl-menu-leaf"
      role="menuitem"
      tabindex="0"
    >
      <span>
        Item 1
      </span>
    </li>
    <li
      aria-expanded="false"
      aria-haspopup="true"
      class="cl-sub-menu"
      role="menuitem"
      tabindex="0"
    >
      <span
        class="cl-sub-menu__text"
      >
        <span>
          Item 2
        </span>
        <span
          class="cl-sub-menu__icon cl-icon chop-icon__chevron-down cl-icon_medium"
        />
      </span>
    </li>
  </menu>
</DocumentFragment>
`;
