// Vitest Snapshot v1, https://vitest.dev/guide/snapshot.html

exports[`MenuLeaf > should match the snapshot 1`] = `
<DocumentFragment>
  <li
    class="cl-menu-leaf"
    role="menuitem"
    tabindex="0"
  >
    <span
      aria-hidden="true"
      class="cl-icon chop-icon__home cl-icon_small"
    />
    <span>
      Go Home
    </span>
  </li>
</DocumentFragment>
`;
