// Vitest Snapshot v1, https://vitest.dev/guide/snapshot.html

exports[`SubMenu > should match the snapshot 1`] = `
<DocumentFragment>
  <li
    aria-expanded="true"
    aria-haspopup="true"
    class="_subMenu_007bcc"
    role="menuitem"
    tabindex="0"
  >
    <span
      class="_text_007bcc"
    >
      <span>
        <span
          class="cl-icon chop-icon__arrow-down cl-icon_medium"
        />
        Item without Link
      </span>
      <span
        class="_subMenu_icon_007bcc _subMenu_icon__opened_007bcc cl-icon chop-icon__chevron-down cl-icon_medium"
      />
    </span>
    <div>
      Submenu Content
    </div>
  </li>
</DocumentFragment>
`;
