// Vitest Snapshot v1, https://vitest.dev/guide/snapshot.html

exports[`SubMenu > should match the snapshot 1`] = `
<DocumentFragment>
  <li
    aria-expanded="true"
    aria-haspopup="true"
    class="_subMenu_007bcc"
    role="menuitem"
    tabindex="0"
  >
    <span
      class="_text_007bcc"
    >
      <span>
        <span
          class="_icon_afc5be chop-icon__arrow-down _icon__medium_afc5be"
        />
        Item without Link
      </span>
      <span
        class="_icon_afc5be chop-icon__arrow-up _icon__medium_afc5be"
      />
    </span>
    <div>
      Submenu Content
    </div>
  </li>
</DocumentFragment>
`;
