// Vitest Snapshot v1, https://vitest.dev/guide/snapshot.html

exports[`SubMenu > should match the snapshot 1`] = `
<DocumentFragment>
  <li
    aria-expanded="true"
    aria-haspopup="true"
    class="cl-sub-menu"
    role="menuitem"
    tabindex="0"
  >
    <span
      class="cl-sub-menu__text"
    >
      <span>
        <span
          class="cl-icon chop-icon__arrow-down cl-icon_small"
        />
        Item without Link
      </span>
      <span
        class="cl-sub-menu__icon cl-sub-menu__icon_opened cl-icon chop-icon__chevron-down cl-icon_small"
      />
    </span>
    <div>
      Submenu Content
    </div>
  </li>
</DocumentFragment>
`;
