// Vitest Snapshot v1, https://vitest.dev/guide/snapshot.html

exports[`AccordionItem > renders correctly 1`] = `
<DocumentFragment>
  <details
    class="_details_27c3bd"
  >
    <summary
      class="_details_summary_27c3bd"
    >
      Test Summary
      <span
        aria-label="Toggle Details"
        class="_details_icon_27c3bd cl-icon chop-icon__chevron-down cl-icon_medium"
        data-testid="accordion-icon"
      />
    </summary>
    <div
      class="_details_content_27c3bd"
    >
      Test content
    </div>
  </details>
</DocumentFragment>
`;
