// Vitest Snapshot v1, https://vitest.dev/guide/snapshot.html

exports[`AccordionItem > renders correctly 1`] = `
<DocumentFragment>
  <details
    class="cl-accordion-item"
  >
    <summary
      class="cl-accordion-item__summary"
    >
      Test Summary
      <span
        aria-label="Toggle Details"
        class="cl-accordion-item__icon cl-icon chop-icon__chevron-down cl-icon_small"
        data-testid="accordion-icon"
      />
    </summary>
    <div
      class="cl-accordion-item__content"
    >
      Test content
    </div>
  </details>
</DocumentFragment>
`;
