// Vitest Snapshot v1, https://vitest.dev/guide/snapshot.html

exports[`ChopLogicMultiSelect > should render correctly 1`] = `
<DocumentFragment>
  <div
    class="cl-multi-select"
  >
    <label
      class="sc-braxZu eZLZgi cl-label cl-multi-select__label"
      for="language-multi-select-id_combobox"
    >
      <span
        class="sc-gJhJTp dwLsey cl-label__text"
      >
        Select your languages
      </span>
    </label>
    <button
      aria-controls="language-multi-select-id_dropdown"
      aria-expanded="false"
      aria-haspopup="listbox"
      aria-required="false"
      class="cl-multi-select__combobox"
      id="language-multi-select-id_combobox"
      name="languages"
      role="combobox"
      type="button"
      value=""
    >
      <span
        class="cl-multi-select__placeholder"
      >
        Not selected
      </span>
      <span
        aria-hidden="true"
        class="cl-multi-select__icon cl-icon__caret-down"
      />
    </button>
    <ul
      class="cl-multi-select__dropdown"
      id="language-multi-select-id_dropdown"
      role="listbox"
      tabindex="-1"
    >
      <li
        aria-selected="false"
        class="cl-multi-select__option"
        id="57b5a856-bc4b-4c2f-8295-9f44434fafc7"
        role="option"
        tabindex="0"
      >
        <span
          aria-hidden="true"
          class="cl-multi-select__checkbox cl-icon__checkbox-unchecked"
        />
        <span>
          English
        </span>
      </li>
      <li
        aria-selected="false"
        class="cl-multi-select__option"
        id="583e8b60-0177-4e38-a423-4b1d5d0a2236"
        role="option"
        tabindex="0"
      >
        <span
          aria-hidden="true"
          class="cl-multi-select__checkbox cl-icon__checkbox-unchecked"
        />
        <span>
          Spanish
        </span>
      </li>
      <li
        aria-selected="false"
        class="cl-multi-select__option"
        id="b20bea7b-8172-4d12-b172-d5feac02d863"
        role="option"
        tabindex="0"
      >
        <span
          aria-hidden="true"
          class="cl-multi-select__checkbox cl-icon__checkbox-unchecked"
        />
        <span>
          French
        </span>
      </li>
      <li
        aria-selected="false"
        class="cl-multi-select__option"
        id="641fc722-af5a-4426-8f8a-1566cc492b91"
        role="option"
        tabindex="0"
      >
        <span
          aria-hidden="true"
          class="cl-multi-select__checkbox cl-icon__checkbox-unchecked"
        />
        <span>
          German
        </span>
      </li>
    </ul>
  </div>
</DocumentFragment>
`;
