// Vitest Snapshot v1, https://vitest.dev/guide/snapshot.html

exports[`Menu Component > renders a menu bar with the correct role 1`] = `
<DocumentFragment>
  <menu
    class="_menuBar_b8ce27 _menuBar__vertical_b8ce27"
  >
    <li
      class="_menuLeaf_f4b00b"
      role="menuitem"
      tabindex="0"
    >
      <span>
        Item 1
      </span>
    </li>
    <li
      aria-expanded="false"
      aria-haspopup="true"
      class="_subMenu_0275f8"
      role="menuitem"
      tabindex="0"
    >
      <span
        class="_text_0275f8"
      >
        <span>
          Item 2
        </span>
        <svg
          class="_icon_3b2ece"
          fill="currentColor"
          height="1em"
          viewBox="0 0 24 24"
          width="1em"
        >
          <path
            d="M21.886 5.536A1.002 1.002 0 0021 5H3a1.002 1.002 0 00-.822 1.569l9 13a.998.998 0 001.644 0l9-13a.998.998 0 00.064-1.033zM12 17.243L4.908 7h14.184L12 17.243z"
          />
        </svg>
      </span>
    </li>
  </menu>
</DocumentFragment>
`;
