// Vitest Snapshot v1, https://vitest.dev/guide/snapshot.html

exports[`Tabs > should match the snapshot 1`] = `
<DocumentFragment>
  <div
    class="cl-tabs test-class"
    id="tabs-id"
  >
    <div
      class="cl-tab-list"
      data-testid="tab-list"
      role="tablist"
    >
      <span
        class="cl-tab__wrapper cl-tab__wrapper_selected cl-tab__wrapper_stretched"
      >
        <button
          aria-controls="tabpanel_tab-1"
          aria-selected="true"
          class="cl-tab"
          id="tab-1"
          role="tab"
        >
          Tab 1
        </button>
      </span>
      <span
        class="cl-tab__wrapper cl-tab__wrapper_stretched cl-tab__wrapper_inactive"
      >
        <button
          aria-controls="tabpanel_tab-2"
          aria-selected="false"
          class="cl-tab"
          id="tab-2"
          role="tab"
        >
          Tab 2
        </button>
      </span>
      <span
        class="cl-tab__wrapper cl-tab__wrapper_stretched cl-tab__wrapper_inactive"
      >
        <button
          aria-controls="tabpanel_tab-3"
          aria-selected="false"
          class="cl-tab"
          id="tab-3"
          role="tab"
        >
          Tab 3
        </button>
      </span>
    </div>
    <div
      aria-labelledby="tab-1"
      class="cl-tab-content"
      data-testid="tab-content"
      id="tabpanel_tab-1"
      role="tabpanel"
    >
      Content 1
    </div>
  </div>
</DocumentFragment>
`;
