// Vitest Snapshot v1, https://vitest.dev/guide/snapshot.html

exports[`Loader > Arrow should match the snapshot 1`] = `
<DocumentFragment>
  <span
    class="loader-class"
    id="loader-id"
    style="color: red;"
    tabindex="0"
    title="Test loader"
  />
</DocumentFragment>
`;

exports[`Loader > Brackets should match the snapshot 1`] = `
<DocumentFragment>
  <span
    class="loader-class"
    id="loader-id"
    style="color: red;"
    tabindex="0"
    title="Test loader"
  />
</DocumentFragment>
`;

exports[`Loader > Circle should match the snapshot 1`] = `
<DocumentFragment>
  <span
    class="loader-class"
    id="loader-id"
    style="color: red;"
    tabindex="0"
    title="Test loader"
  />
</DocumentFragment>
`;

exports[`Loader > Dots should match the snapshot 1`] = `
<DocumentFragment>
  <span
    class="loader-class"
    id="loader-id"
    style="color: red;"
    tabindex="0"
    title="Test loader"
  />
</DocumentFragment>
`;

exports[`Loader > Filler should match the snapshot 1`] = `
<DocumentFragment>
  <span
    class="loader-class"
    id="loader-id"
    style="color: red;"
    tabindex="0"
    title="Test loader"
  />
</DocumentFragment>
`;

exports[`Loader > Linear should match the snapshot 1`] = `
<DocumentFragment>
  <span
    class="loader-class"
    id="loader-id"
    style="color: red;"
    tabindex="0"
    title="Test loader"
  />
</DocumentFragment>
`;

exports[`Loader > Pulse should match the snapshot 1`] = `
<DocumentFragment>
  <span
    class="loader-class"
    id="loader-id"
    style="color: red;"
    tabindex="0"
    title="Test loader"
  />
</DocumentFragment>
`;

exports[`Loader > Rotation should match the snapshot 1`] = `
<DocumentFragment>
  <span
    class="loader-class"
    id="loader-id"
    style="color: red;"
    tabindex="0"
    title="Test loader"
  />
</DocumentFragment>
`;

exports[`Loader > Square should match the snapshot 1`] = `
<DocumentFragment>
  <span
    class="loader-class"
    id="loader-id"
    style="color: red;"
    tabindex="0"
    title="Test loader"
  />
</DocumentFragment>
`;
