// Vitest Snapshot v1, https://vitest.dev/guide/snapshot.html

exports[`MultiSelect > should render correctly 1`] = `
<DocumentFragment>
  <div
    class="_wrapper_25b6f4 test-class"
    style="width: 400px;"
  >
    <label
      class="_label_5091d6"
      for="multi-select-id"
    >
      <span
        class="_label_text_5091d6"
      >
        Select your languages
      </span>
    </label>
    <button
      aria-controls="multi-select-id_dropdown"
      aria-expanded="false"
      aria-haspopup="listbox"
      aria-required="false"
      class="_combobox_73f518"
      id="multi-select-id"
      name="languages"
      role="combobox"
      type="button"
      value=""
    >
      <span>
        Not selected
      </span>
      <span
        class="_combobox_icon_73f518 _icon_afc5be chop-icon__chevron-up _icon__medium_afc5be"
      />
    </button>
    <ul
      class="_dropdown_8c0dbb"
      id="multi-select-id_dropdown"
      role="listbox"
      tabindex="-1"
    >
      <li
        aria-selected="false"
        class="_option_33c476 _option__multi_33c476"
        id="57b5a856-bc4b-4c2f-8295-9f44434fafc7"
        role="option"
        tabindex="0"
      >
        <span
          class="_icon_afc5be chop-icon__square _icon__medium_afc5be"
        />
        <span>
          English
        </span>
      </li>
      <li
        aria-selected="false"
        class="_option_33c476 _option__multi_33c476"
        id="583e8b60-0177-4e38-a423-4b1d5d0a2236"
        role="option"
        tabindex="0"
      >
        <span
          class="_icon_afc5be chop-icon__square _icon__medium_afc5be"
        />
        <span>
          Spanish
        </span>
      </li>
      <li
        aria-selected="false"
        class="_option_33c476 _option__multi_33c476"
        id="b20bea7b-8172-4d12-b172-d5feac02d863"
        role="option"
        tabindex="0"
      >
        <span
          class="_icon_afc5be chop-icon__square _icon__medium_afc5be"
        />
        <span>
          French
        </span>
      </li>
      <li
        aria-selected="false"
        class="_option_33c476 _option__multi_33c476"
        id="641fc722-af5a-4426-8f8a-1566cc492b91"
        role="option"
        tabindex="0"
      >
        <span
          class="_icon_afc5be chop-icon__square _icon__medium_afc5be"
        />
        <span>
          German
        </span>
      </li>
    </ul>
  </div>
</DocumentFragment>
`;
