// Vitest Snapshot v1, https://vitest.dev/guide/snapshot.html

exports[`MultiSelect > should render correctly 1`] = `
<DocumentFragment>
  <div
    class="cl-select test-class"
    style="width: 400px;"
  >
    <label
      class="cl-label"
      for="multi-select-id"
    >
      <span
        class="cl-label__text"
      >
        Select your languages
      </span>
    </label>
    <button
      aria-controls="multi-select-id_dropdown"
      aria-expanded="false"
      aria-haspopup="listbox"
      aria-required="false"
      class="cl-select-combobox"
      id="multi-select-id"
      name="languages"
      role="combobox"
      type="button"
      value=""
    >
      <span>
        Not selected
      </span>
      <span
        class="cl-select-combobox__icon cl-icon chop-icon__chevron-down cl-icon_large"
      />
    </button>
    <ul
      class="cl-select-dropdown"
      id="multi-select-id_dropdown"
      role="listbox"
      tabindex="-1"
    >
      <li
        aria-selected="false"
        class="cl-select-option cl-select-option_multi"
        id="57b5a856-bc4b-4c2f-8295-9f44434fafc7"
        role="option"
        tabindex="0"
      >
        <span
          class="cl-icon chop-icon__square cl-icon_large"
        />
        <span>
          English
        </span>
      </li>
      <li
        aria-selected="false"
        class="cl-select-option cl-select-option_multi"
        id="583e8b60-0177-4e38-a423-4b1d5d0a2236"
        role="option"
        tabindex="0"
      >
        <span
          class="cl-icon chop-icon__square cl-icon_large"
        />
        <span>
          Spanish
        </span>
      </li>
      <li
        aria-selected="false"
        class="cl-select-option cl-select-option_multi"
        id="b20bea7b-8172-4d12-b172-d5feac02d863"
        role="option"
        tabindex="0"
      >
        <span
          class="cl-icon chop-icon__square cl-icon_large"
        />
        <span>
          French
        </span>
      </li>
      <li
        aria-selected="false"
        class="cl-select-option cl-select-option_multi"
        id="641fc722-af5a-4426-8f8a-1566cc492b91"
        role="option"
        tabindex="0"
      >
        <span
          class="cl-icon chop-icon__square cl-icon_large"
        />
        <span>
          German
        </span>
      </li>
    </ul>
  </div>
</DocumentFragment>
`;
