// Vitest Snapshot v1, https://vitest.dev/guide/snapshot.html

exports[`ClearInputButton > should match the snapshot 1`] = `
<DocumentFragment>
  <button
    aria-label="Clear the input"
    class="sc-braxZu lkDNcq"
  >
    <svg
      fill="currentColor"
      height="1em"
      viewBox="0 0 64 64"
      width="1em"
    >
      <path
        d="M18.947 17.153l26.098 25.903M19.045 43.153l25.902-26.097"
        fill="none"
        stroke="currentColor"
        stroke-miterlimit="10"
        stroke-width="2"
      />
    </svg>
  </button>
</DocumentFragment>
`;
