// Vitest Snapshot v1, https://vitest.dev/guide/snapshot.html

exports[`Select > should render correctly 1`] = `
<DocumentFragment>
  <div
    class="_wrapper_25b6f4 test-class"
    style="width: 400px;"
  >
    <label
      class="_label_5091d6"
      for="select-id"
    >
      <span
        class="_label_text_5091d6"
      >
        Select your language
      </span>
    </label>
    <button
      aria-controls="select-id_dropdown"
      aria-expanded="false"
      aria-haspopup="listbox"
      aria-required="false"
      class="_combobox_73f518"
      id="select-id"
      name="language"
      role="combobox"
      type="button"
    >
      <span>
        Not selected
      </span>
      <span
        class="_combobox_icon_73f518 _icon_afc5be chop-icon__chevron-up _icon__medium_afc5be"
      />
    </button>
    <ul
      class="_dropdown_8c0dbb"
      id="select-id_dropdown"
      role="listbox"
      tabindex="-1"
    >
      <li
        aria-selected="false"
        class="_option_33c476"
        id="57b5a856-bc4b-4c2f-8295-9f44434fafc7"
        role="option"
        tabindex="0"
      >
        <span>
          English
        </span>
      </li>
      <li
        aria-selected="false"
        class="_option_33c476"
        id="b4b08a09-e287-400b-ba65-afd6ae1f6fd7"
        role="option"
        tabindex="0"
      >
        <span>
          Russian
        </span>
      </li>
      <li
        aria-selected="false"
        class="_option_33c476"
        id="641fc722-af5a-4426-8f8a-1566cc492b91"
        role="option"
        tabindex="0"
      >
        <span>
          German
        </span>
      </li>
    </ul>
  </div>
</DocumentFragment>
`;
