// Vitest Snapshot v1, https://vitest.dev/guide/snapshot.html

exports[`Select > should render correctly 1`] = `
<DocumentFragment>
  <div
    class="cl-select test-class"
    style="width: 400px;"
  >
    <label
      class="cl-label"
      for="select-id"
    >
      <span
        class="cl-label__text"
      >
        Select your language
      </span>
    </label>
    <button
      aria-controls="select-id_dropdown"
      aria-expanded="false"
      aria-haspopup="listbox"
      aria-required="false"
      class="cl-select-combobox"
      id="select-id"
      name="language"
      role="combobox"
      type="button"
    >
      <span>
        Not selected
      </span>
      <span
        class="cl-select-combobox__icon cl-icon chop-icon__chevron-down cl-icon_large"
      />
    </button>
    <ul
      class="cl-select-dropdown"
      id="select-id_dropdown"
      role="listbox"
      tabindex="-1"
    >
      <li
        aria-selected="false"
        class="cl-select-option"
        id="57b5a856-bc4b-4c2f-8295-9f44434fafc7"
        role="option"
        tabindex="0"
      >
        <span>
          English
        </span>
      </li>
      <li
        aria-selected="false"
        class="cl-select-option"
        id="b4b08a09-e287-400b-ba65-afd6ae1f6fd7"
        role="option"
        tabindex="0"
      >
        <span>
          Russian
        </span>
      </li>
      <li
        aria-selected="false"
        class="cl-select-option"
        id="641fc722-af5a-4426-8f8a-1566cc492b91"
        role="option"
        tabindex="0"
      >
        <span>
          German
        </span>
      </li>
    </ul>
  </div>
</DocumentFragment>
`;
