// Vitest Snapshot v1, https://vitest.dev/guide/snapshot.html

exports[`GridBody > should match the snapshot 1`] = `
<DocumentFragment>
  <table>
    <colgroup>
      <col
        class="_column_08065d _column__first_08065d"
      />
      <col
        class="_column_08065d _column__highlighted_08065d"
      />
      <col
        class="_column_08065d column-class"
      />
      <col
        class="_column_08065d"
      />
    </colgroup>
  </table>
</DocumentFragment>
`;
