// Vitest Snapshot v1, https://vitest.dev/guide/snapshot.html

exports[`GridBody > should match the snapshot 1`] = `
<DocumentFragment>
  <table>
    <colgroup>
      <col
        class="_column_5c4bf7 _column__first_5c4bf7"
      />
      <col
        class="_column_5c4bf7 _column__highlighted_5c4bf7"
      />
      <col
        class="_column_5c4bf7 column-class"
      />
      <col
        class="_column_5c4bf7"
      />
    </colgroup>
  </table>
</DocumentFragment>
`;
