// Vitest Snapshot v1, https://vitest.dev/guide/snapshot.html

exports[`Grid > should match the snapshot 1`] = `
<DocumentFragment>
  <div
    class="_grid_wrapper_694ee9"
  >
    <table
      class="_grid_694ee9 test-class"
      style="width: 100px;"
      tabindex="-1"
    >
      <colgroup>
        <col
          class="_column_5c4bf7 _column__first_5c4bf7"
        />
        <col
          class="_column_5c4bf7"
        />
        <col
          class="_column_5c4bf7"
        />
        <col
          class="_column_5c4bf7"
        />
        <col
          class="_column_5c4bf7"
        />
      </colgroup>
      <thead
        class="_head_3a4c36"
      >
        <tr
          class="_head_row_3a4c36"
        >
          <th
            class="_headerCell_4a3cef"
          >
            <div
              class="_checkbox_11028a"
            >
              <input
                class="_checkbox_input_11028a"
                id="select_all_grid-id"
                type="checkbox"
              />
              <label
                class="_label_7c3a56"
                for="select_all_grid-id"
              >
                <svg
                  class="_icon_71f013"
                  fill="currentColor"
                  height="1em"
                  viewBox="0 0 16 16"
                  width="1em"
                  xmlns="http://www.w3.org/2000/svg"
                >
                  <path
                    d="M14 0H2C.9 0 0 .9 0 2v12c0 1.1.9 2 2 2h12c1.1 0 2-.9 2-2V2c0-1.1-.9-2-2-2zm0 14H2V2h12v12z"
                    fill="currentColor"
                  />
                </svg>
              </label>
            </div>
          </th>
          <th
            class="_headerCell_f27c12"
          >
            Company
          </th>
          <th
            class="_headerCell_f27c12"
          >
            Contact
          </th>
          <th
            class="_headerCell_f27c12"
          >
            Country
          </th>
          <th
            class="_headerCell_f27c12"
          >
            Phone
          </th>
        </tr>
      </thead>
      <tbody
        class="_body_1a0459"
      >
        <tr
          class="_row_9cbf9f"
        >
          <td
            class="_cell_c1f5d3"
          >
            <div
              class="_checkbox_11028a"
            >
              <input
                class="_checkbox_input_11028a"
                id="select_row_row1"
                type="checkbox"
              />
              <label
                class="_label_7c3a56"
                for="select_row_row1"
              >
                <svg
                  class="_icon_71f013"
                  fill="currentColor"
                  height="1em"
                  viewBox="0 0 16 16"
                  width="1em"
                  xmlns="http://www.w3.org/2000/svg"
                >
                  <path
                    d="M14 0H2C.9 0 0 .9 0 2v12c0 1.1.9 2 2 2h12c1.1 0 2-.9 2-2V2c0-1.1-.9-2-2-2zm0 14H2V2h12v12z"
                    fill="currentColor"
                  />
                </svg>
              </label>
            </div>
          </td>
          <td
            class="_cell_a877c3"
          />
          <td
            class="_cell_a877c3"
          >
            Maria
          </td>
          <td
            class="_cell_a877c3"
          >
            Germany
          </td>
          <td
            class="_cell_a877c3"
          >
            123-345-7890
          </td>
        </tr>
        <tr
          class="_row_9cbf9f"
        >
          <td
            class="_cell_c1f5d3"
          >
            <div
              class="_checkbox_11028a"
            >
              <input
                class="_checkbox_input_11028a"
                id="select_row_row2"
                type="checkbox"
              />
              <label
                class="_label_7c3a56"
                for="select_row_row2"
              >
                <svg
                  class="_icon_71f013"
                  fill="currentColor"
                  height="1em"
                  viewBox="0 0 16 16"
                  width="1em"
                  xmlns="http://www.w3.org/2000/svg"
                >
                  <path
                    d="M14 0H2C.9 0 0 .9 0 2v12c0 1.1.9 2 2 2h12c1.1 0 2-.9 2-2V2c0-1.1-.9-2-2-2zm0 14H2V2h12v12z"
                    fill="currentColor"
                  />
                </svg>
              </label>
            </div>
          </td>
          <td
            class="_cell_a877c3"
          />
          <td
            class="_cell_a877c3"
          >
            Francisco
          </td>
          <td
            class="_cell_a877c3"
          >
            Mexico
          </td>
          <td
            class="_cell_a877c3"
          >
            123-345-7890
          </td>
        </tr>
        <tr
          class="_row_9cbf9f"
        >
          <td
            class="_cell_c1f5d3"
          >
            <div
              class="_checkbox_11028a"
            >
              <input
                class="_checkbox_input_11028a"
                id="select_row_row3"
                type="checkbox"
              />
              <label
                class="_label_7c3a56"
                for="select_row_row3"
              >
                <svg
                  class="_icon_71f013"
                  fill="currentColor"
                  height="1em"
                  viewBox="0 0 16 16"
                  width="1em"
                  xmlns="http://www.w3.org/2000/svg"
                >
                  <path
                    d="M14 0H2C.9 0 0 .9 0 2v12c0 1.1.9 2 2 2h12c1.1 0 2-.9 2-2V2c0-1.1-.9-2-2-2zm0 14H2V2h12v12z"
                    fill="currentColor"
                  />
                </svg>
              </label>
            </div>
          </td>
          <td
            class="_cell_a877c3"
          >
            Ernst Handel
          </td>
          <td
            class="_cell_a877c3"
          >
            Roland Mendel
          </td>
          <td
            class="_cell_a877c3"
          >
            Austria
          </td>
          <td
            class="_cell_a877c3"
          >
            123-345-7890
          </td>
        </tr>
        <tr
          class="_row_9cbf9f"
        >
          <td
            class="_cell_c1f5d3"
          >
            <div
              class="_checkbox_11028a"
            >
              <input
                class="_checkbox_input_11028a"
                id="select_row_row4"
                type="checkbox"
              />
              <label
                class="_label_7c3a56"
                for="select_row_row4"
              >
                <svg
                  class="_icon_71f013"
                  fill="currentColor"
                  height="1em"
                  viewBox="0 0 16 16"
                  width="1em"
                  xmlns="http://www.w3.org/2000/svg"
                >
                  <path
                    d="M14 0H2C.9 0 0 .9 0 2v12c0 1.1.9 2 2 2h12c1.1 0 2-.9 2-2V2c0-1.1-.9-2-2-2zm0 14H2V2h12v12z"
                    fill="currentColor"
                  />
                </svg>
              </label>
            </div>
          </td>
          <td
            class="_cell_a877c3"
          >
            Island Trading
          </td>
          <td
            class="_cell_a877c3"
          >
            Helen Bennett
          </td>
          <td
            class="_cell_a877c3"
          >
            UK
          </td>
          <td
            class="_cell_a877c3"
          >
            123-345-7890
          </td>
        </tr>
        <tr
          class="_row_9cbf9f"
        >
          <td
            class="_cell_c1f5d3"
          >
            <div
              class="_checkbox_11028a"
            >
              <input
                class="_checkbox_input_11028a"
                id="select_row_row5"
                type="checkbox"
              />
              <label
                class="_label_7c3a56"
                for="select_row_row5"
              >
                <svg
                  class="_icon_71f013"
                  fill="currentColor"
                  height="1em"
                  viewBox="0 0 16 16"
                  width="1em"
                  xmlns="http://www.w3.org/2000/svg"
                >
                  <path
                    d="M14 0H2C.9 0 0 .9 0 2v12c0 1.1.9 2 2 2h12c1.1 0 2-.9 2-2V2c0-1.1-.9-2-2-2zm0 14H2V2h12v12z"
                    fill="currentColor"
                  />
                </svg>
              </label>
            </div>
          </td>
          <td
            class="_cell_a877c3"
          >
            Laughing Bacchus
          </td>
          <td
            class="_cell_a877c3"
          />
          <td
            class="_cell_a877c3"
          >
            Canada
          </td>
          <td
            class="_cell_a877c3"
          >
            123-345-7890
          </td>
        </tr>
        <tr
          class="_row_9cbf9f"
        >
          <td
            class="_cell_c1f5d3"
          >
            <div
              class="_checkbox_11028a"
            >
              <input
                class="_checkbox_input_11028a"
                id="select_row_row6"
                type="checkbox"
              />
              <label
                class="_label_7c3a56"
                for="select_row_row6"
              >
                <svg
                  class="_icon_71f013"
                  fill="currentColor"
                  height="1em"
                  viewBox="0 0 16 16"
                  width="1em"
                  xmlns="http://www.w3.org/2000/svg"
                >
                  <path
                    d="M14 0H2C.9 0 0 .9 0 2v12c0 1.1.9 2 2 2h12c1.1 0 2-.9 2-2V2c0-1.1-.9-2-2-2zm0 14H2V2h12v12z"
                    fill="currentColor"
                  />
                </svg>
              </label>
            </div>
          </td>
          <td
            class="_cell_a877c3"
          />
          <td
            class="_cell_a877c3"
          >
            Giovanni
          </td>
          <td
            class="_cell_a877c3"
          >
            Italy
          </td>
          <td
            class="_cell_a877c3"
          >
            123-345-7890
          </td>
        </tr>
      </tbody>
    </table>
  </div>
</DocumentFragment>
`;
