// Vitest Snapshot v1, https://vitest.dev/guide/snapshot.html

exports[`ChopLogicGrid > should match the snapshot 1`] = `
<DocumentFragment>
  <table
    class="_grid_384728 test-class"
    style="width: 100px;"
    tabindex="-1"
  >
    <colgroup>
      <col
        class="_column_0fe2d7 _column__first_0fe2d7"
      />
      <col
        class="_column_0fe2d7"
      />
      <col
        class="_column_0fe2d7"
      />
      <col
        class="_column_0fe2d7"
      />
      <col
        class="_column_0fe2d7"
      />
    </colgroup>
    <thead
      class="_head_9c81fa"
    >
      <tr
        class="_head_row_9c81fa"
      >
        <th
          class="_headerCell_b901e7"
        >
          <div
            class="_checkbox_85cb9e"
          >
            <input
              class="_checkbox_input_85cb9e"
              id="select_all_grid-id"
              type="checkbox"
            />
            <label
              class="_label_25e64c"
              for="select_all_grid-id"
            >
              <svg
                fill="currentColor"
                height="1em"
                role="img"
                viewBox="0 0 16 16"
                width="1em"
              >
                <path
                  d="M14 0H2C.9 0 0 .9 0 2v12c0 1.1.9 2 2 2h12c1.1 0 2-.9 2-2V2c0-1.1-.9-2-2-2zm0 14H2V2h12v12z"
                  fill="currentColor"
                />
              </svg>
            </label>
          </div>
        </th>
        <th
          class="_headerCell_c44934"
        >
          Company
        </th>
        <th
          class="_headerCell_c44934"
        >
          Contact
        </th>
        <th
          class="_headerCell_c44934"
        >
          Country
        </th>
        <th
          class="_headerCell_c44934"
        >
          Phone
        </th>
      </tr>
    </thead>
    <tbody
      class="_body_95d8bf"
    >
      <tr
        class="_row_83b138"
      >
        <td
          class="_cell_fe35f0"
        >
          <div
            class="_checkbox_85cb9e"
          >
            <input
              class="_checkbox_input_85cb9e"
              id="select_row_row1"
              type="checkbox"
            />
            <label
              class="_label_25e64c"
              for="select_row_row1"
            >
              <svg
                fill="currentColor"
                height="1em"
                role="img"
                viewBox="0 0 16 16"
                width="1em"
              >
                <path
                  d="M14 0H2C.9 0 0 .9 0 2v12c0 1.1.9 2 2 2h12c1.1 0 2-.9 2-2V2c0-1.1-.9-2-2-2zm0 14H2V2h12v12z"
                  fill="currentColor"
                />
              </svg>
            </label>
          </div>
        </td>
        <td
          class="_cell_4c921e"
        />
        <td
          class="_cell_4c921e"
        >
          Maria
        </td>
        <td
          class="_cell_4c921e"
        >
          Germany
        </td>
        <td
          class="_cell_4c921e"
        >
          123-345-7890
        </td>
      </tr>
      <tr
        class="_row_83b138"
      >
        <td
          class="_cell_fe35f0"
        >
          <div
            class="_checkbox_85cb9e"
          >
            <input
              class="_checkbox_input_85cb9e"
              id="select_row_row2"
              type="checkbox"
            />
            <label
              class="_label_25e64c"
              for="select_row_row2"
            >
              <svg
                fill="currentColor"
                height="1em"
                role="img"
                viewBox="0 0 16 16"
                width="1em"
              >
                <path
                  d="M14 0H2C.9 0 0 .9 0 2v12c0 1.1.9 2 2 2h12c1.1 0 2-.9 2-2V2c0-1.1-.9-2-2-2zm0 14H2V2h12v12z"
                  fill="currentColor"
                />
              </svg>
            </label>
          </div>
        </td>
        <td
          class="_cell_4c921e"
        />
        <td
          class="_cell_4c921e"
        >
          Francisco
        </td>
        <td
          class="_cell_4c921e"
        >
          Mexico
        </td>
        <td
          class="_cell_4c921e"
        >
          123-345-7890
        </td>
      </tr>
      <tr
        class="_row_83b138"
      >
        <td
          class="_cell_fe35f0"
        >
          <div
            class="_checkbox_85cb9e"
          >
            <input
              class="_checkbox_input_85cb9e"
              id="select_row_row3"
              type="checkbox"
            />
            <label
              class="_label_25e64c"
              for="select_row_row3"
            >
              <svg
                fill="currentColor"
                height="1em"
                role="img"
                viewBox="0 0 16 16"
                width="1em"
              >
                <path
                  d="M14 0H2C.9 0 0 .9 0 2v12c0 1.1.9 2 2 2h12c1.1 0 2-.9 2-2V2c0-1.1-.9-2-2-2zm0 14H2V2h12v12z"
                  fill="currentColor"
                />
              </svg>
            </label>
          </div>
        </td>
        <td
          class="_cell_4c921e"
        >
          Ernst Handel
        </td>
        <td
          class="_cell_4c921e"
        >
          Roland Mendel
        </td>
        <td
          class="_cell_4c921e"
        >
          Austria
        </td>
        <td
          class="_cell_4c921e"
        >
          123-345-7890
        </td>
      </tr>
      <tr
        class="_row_83b138"
      >
        <td
          class="_cell_fe35f0"
        >
          <div
            class="_checkbox_85cb9e"
          >
            <input
              class="_checkbox_input_85cb9e"
              id="select_row_row4"
              type="checkbox"
            />
            <label
              class="_label_25e64c"
              for="select_row_row4"
            >
              <svg
                fill="currentColor"
                height="1em"
                role="img"
                viewBox="0 0 16 16"
                width="1em"
              >
                <path
                  d="M14 0H2C.9 0 0 .9 0 2v12c0 1.1.9 2 2 2h12c1.1 0 2-.9 2-2V2c0-1.1-.9-2-2-2zm0 14H2V2h12v12z"
                  fill="currentColor"
                />
              </svg>
            </label>
          </div>
        </td>
        <td
          class="_cell_4c921e"
        >
          Island Trading
        </td>
        <td
          class="_cell_4c921e"
        >
          Helen Bennett
        </td>
        <td
          class="_cell_4c921e"
        >
          UK
        </td>
        <td
          class="_cell_4c921e"
        >
          123-345-7890
        </td>
      </tr>
      <tr
        class="_row_83b138"
      >
        <td
          class="_cell_fe35f0"
        >
          <div
            class="_checkbox_85cb9e"
          >
            <input
              class="_checkbox_input_85cb9e"
              id="select_row_row5"
              type="checkbox"
            />
            <label
              class="_label_25e64c"
              for="select_row_row5"
            >
              <svg
                fill="currentColor"
                height="1em"
                role="img"
                viewBox="0 0 16 16"
                width="1em"
              >
                <path
                  d="M14 0H2C.9 0 0 .9 0 2v12c0 1.1.9 2 2 2h12c1.1 0 2-.9 2-2V2c0-1.1-.9-2-2-2zm0 14H2V2h12v12z"
                  fill="currentColor"
                />
              </svg>
            </label>
          </div>
        </td>
        <td
          class="_cell_4c921e"
        >
          Laughing Bacchus
        </td>
        <td
          class="_cell_4c921e"
        />
        <td
          class="_cell_4c921e"
        >
          Canada
        </td>
        <td
          class="_cell_4c921e"
        >
          123-345-7890
        </td>
      </tr>
      <tr
        class="_row_83b138"
      >
        <td
          class="_cell_fe35f0"
        >
          <div
            class="_checkbox_85cb9e"
          >
            <input
              class="_checkbox_input_85cb9e"
              id="select_row_row6"
              type="checkbox"
            />
            <label
              class="_label_25e64c"
              for="select_row_row6"
            >
              <svg
                fill="currentColor"
                height="1em"
                role="img"
                viewBox="0 0 16 16"
                width="1em"
              >
                <path
                  d="M14 0H2C.9 0 0 .9 0 2v12c0 1.1.9 2 2 2h12c1.1 0 2-.9 2-2V2c0-1.1-.9-2-2-2zm0 14H2V2h12v12z"
                  fill="currentColor"
                />
              </svg>
            </label>
          </div>
        </td>
        <td
          class="_cell_4c921e"
        />
        <td
          class="_cell_4c921e"
        >
          Giovanni
        </td>
        <td
          class="_cell_4c921e"
        >
          Italy
        </td>
        <td
          class="_cell_4c921e"
        >
          123-345-7890
        </td>
      </tr>
    </tbody>
  </table>
</DocumentFragment>
`;
