// Vitest Snapshot v1, https://vitest.dev/guide/snapshot.html

exports[`GridRow > should match the snapshot 1`] = `
<DocumentFragment>
  <table>
    <tbody>
      <tr
        class="_row_9cbf9f"
      >
        <td
          class="_cell_c1f5d3"
        >
          <div
            class="_checkbox_11028a"
          >
            <input
              class="_checkbox_input_11028a"
              id="select_row_item-1"
              type="checkbox"
            />
            <label
              class="_label_7c3a56"
              for="select_row_item-1"
            >
              <svg
                class="_icon_71f013"
                fill="currentColor"
                height="1em"
                viewBox="0 0 16 16"
                width="1em"
                xmlns="http://www.w3.org/2000/svg"
              >
                <path
                  d="M14 0H2C.9 0 0 .9 0 2v12c0 1.1.9 2 2 2h12c1.1 0 2-.9 2-2V2c0-1.1-.9-2-2-2zm0 14H2V2h12v12z"
                  fill="currentColor"
                />
              </svg>
            </label>
          </div>
        </td>
        <td
          class="_cell_a877c3"
        >
          Value 1
        </td>
        <td
          class="_cell_a877c3"
        >
          Value 2
        </td>
        <td
          class="_cell_a877c3"
        >
          <span>
            Value 3
          </span>
        </td>
      </tr>
    </tbody>
  </table>
</DocumentFragment>
`;
