// Vitest Snapshot v1, https://vitest.dev/guide/snapshot.html

exports[`ChopLogicGridHead > should match the snapshot 1`] = `
<DocumentFragment>
  <table>
    <thead
      class="_header_384728"
    >
      <tr
        class="_header_row_384728"
      >
        <th
          class="_header_cell_384728"
        >
          <div
            class="_checkbox_384728"
          >
            <input
              class="_checkbox_input_384728"
              id="select_all_test-grid-id"
              type="checkbox"
            />
            <label
              class="_label_e79f9d"
              for="select_all_test-grid-id"
            >
              <svg
                fill="currentColor"
                height="1em"
                role="img"
                viewBox="0 0 16 16"
                width="1em"
              >
                <path
                  d="M14 0H2C.9 0 0 .9 0 2v12c0 1.1.9 2 2 2h12c1.1 0 2-.9 2-2V2c0-1.1-.9-2-2-2zm0 14H2V2h12v12z"
                  fill="currentColor"
                />
              </svg>
            </label>
          </div>
        </th>
        <th
          class="_header_cell_384728"
        >
          Col 1
        </th>
        <th
          class="_header_cell_384728"
        >
          Col 2
        </th>
        <th
          class="_header_cell_384728"
        >
          Col 3
        </th>
      </tr>
    </thead>
  </table>
</DocumentFragment>
`;
