// Vitest Snapshot v1, https://vitest.dev/guide/snapshot.html

exports[`ChopLogicButton component > should render correctly 1`] = `
<DocumentFragment>
  <button
    class="test-class"
    id="test-id"
    type="button"
  >
    <span
      class="chop-icon__bin2"
    />
    <span
      class="_text_48af00"
    >
      Test
    </span>
  </button>
</DocumentFragment>
`;
