// Vitest Snapshot v1, https://vitest.dev/guide/snapshot.html

exports[`TabButton > should match the snapshot 1`] = `
<DocumentFragment>
  <button
    aria-controls="panel-id-1"
    aria-selected="true"
    class="_tabButton_54926d _tabButton__vertical_54926d _tabButton__selected_54926d"
    id="id-1"
    role="tab"
  >
    Tab button
  </button>
</DocumentFragment>
`;
