// Vitest Snapshot v1, https://vitest.dev/guide/snapshot.html

exports[`TabButton > should match the snapshot 1`] = `
<DocumentFragment>
  <span
    class="_tab_wrapper_54926d _tab_wrapper__vertical_54926d _tab_wrapper__selected_54926d"
  >
    <button
      aria-controls="panel-id-1"
      aria-selected="true"
      class="_tab_54926d"
      id="id-1"
      role="tab"
    >
      Tab button
    </button>
  </span>
</DocumentFragment>
`;
