// Vitest Snapshot v1, https://vitest.dev/guide/snapshot.html

exports[`Tabs > should match the snapshot 1`] = `
<DocumentFragment>
  <div
    class="_tabs_45b1c2 test-class"
    id="tabs-id"
  >
    <div
      class="_tabList_55507f"
      data-testid="tab-list"
      role="tablist"
    >
      <span
        class="_tab_wrapper_ad1653 _tab_wrapper__selected_ad1653 _tab_wrapper__stretched_ad1653"
      >
        <button
          aria-controls="tabpanel_tab-1"
          aria-selected="true"
          class="_tab_ad1653"
          id="tab-1"
          role="tab"
        >
          Tab 1
        </button>
      </span>
      <span
        class="_tab_wrapper_ad1653 _tab_wrapper__stretched_ad1653 _tab_wrapper__inactive_ad1653"
      >
        <button
          aria-controls="tabpanel_tab-2"
          aria-selected="false"
          class="_tab_ad1653"
          id="tab-2"
          role="tab"
        >
          Tab 2
        </button>
      </span>
      <span
        class="_tab_wrapper_ad1653 _tab_wrapper__stretched_ad1653 _tab_wrapper__inactive_ad1653"
      >
        <button
          aria-controls="tabpanel_tab-3"
          aria-selected="false"
          class="_tab_ad1653"
          id="tab-3"
          role="tab"
        >
          Tab 3
        </button>
      </span>
    </div>
    <div
      aria-labelledby="tab-1"
      class="_tabContent_74d9f6"
      data-testid="tab-content"
      id="tabpanel_tab-1"
      role="tabpanel"
    >
      Content 1
    </div>
  </div>
</DocumentFragment>
`;
