// Vitest Snapshot v1, https://vitest.dev/guide/snapshot.html

exports[`Tabs > should match the snapshot 1`] = `
<DocumentFragment>
  <div
    class="_tabs_19db3f test-class"
    id="tabs-id"
  >
    <div
      class="_tabList_3c2693"
      role="tablist"
      tabindex="0"
    >
      <button
        aria-controls="tabpanel_tab-1"
        aria-selected="true"
        class="_tabButton_3d945f _tabButton__selected_3d945f"
        id="tab-1"
        role="tab"
      >
        Tab 1
      </button>
      <button
        aria-controls="tabpanel_tab-2"
        aria-selected="false"
        class="_tabButton_3d945f"
        id="tab-2"
        role="tab"
      >
        Tab 2
      </button>
      <button
        aria-controls="tabpanel_tab-3"
        aria-selected="false"
        class="_tabButton_3d945f"
        id="tab-3"
        role="tab"
      >
        Tab 3
      </button>
    </div>
    <div
      aria-labelledby="tab-1"
      class="_tabContent_a69405"
      id="tabpanel_tab-1"
      role="tabpanel"
    >
      Tab 1 content
    </div>
  </div>
</DocumentFragment>
`;
