// Vitest Snapshot v1, https://vitest.dev/guide/snapshot.html

exports[`Tabs > should match the snapshot 1`] = `
<DocumentFragment>
  <div
    class="_tabs_19db3f test-class"
    id="tabs-id"
  >
    <div
      class="_tabList_7b8ac2"
      data-testid="tab-list"
      role="tablist"
      tabindex="0"
    >
      <span
        class="_tab_wrapper_54926d _tab_wrapper__selected_54926d _tab_wrapper__stretched_54926d"
      >
        <button
          aria-controls="tabpanel_tab-1"
          aria-selected="true"
          class="_tab_54926d"
          id="tab-1"
          role="tab"
        >
          Tab 1
        </button>
      </span>
      <span
        class="_tab_wrapper_54926d _tab_wrapper__stretched_54926d _tab_wrapper__inactive_54926d"
      >
        <button
          aria-controls="tabpanel_tab-2"
          aria-selected="false"
          class="_tab_54926d"
          id="tab-2"
          role="tab"
        >
          Tab 2
        </button>
      </span>
      <span
        class="_tab_wrapper_54926d _tab_wrapper__stretched_54926d _tab_wrapper__inactive_54926d"
      >
        <button
          aria-controls="tabpanel_tab-3"
          aria-selected="false"
          class="_tab_54926d"
          id="tab-3"
          role="tab"
        >
          Tab 3
        </button>
      </span>
    </div>
    <div
      aria-labelledby="tab-1"
      class="_tabContent_7c3dbf"
      data-testid="tab-content"
      id="tabpanel_tab-1"
      role="tabpanel"
    >
      Content 1
    </div>
  </div>
</DocumentFragment>
`;
