// Vitest Snapshot v1, https://vitest.dev/guide/snapshot.html

exports[`ChopLogicDialog tests: > ChopLogicModalLayout should render correctly 1`] = `
<DocumentFragment>
  <div
    aria-modal="true"
    class="_window_8289eb"
    id="test-dialog-id"
    role="dialog"
  >
    <header
      class="_header_8289eb"
    >
      Test dialog
      <button
        aria-label="Close modal window"
        class="cl-button cl-button_icon"
        type="button"
      >
        <span
          aria-hidden="true"
          class="chop-icon__close"
        />
      </button>
    </header>
    <div
      class="_content_8289eb"
    >
      <div>
        Dialog content
      </div>
    </div>
  </div>
</DocumentFragment>
`;
