// Vitest Snapshot v1, https://vitest.dev/guide/snapshot.html

exports[`ChopLogicGridBody > should match the snapshot 1`] = `
<DocumentFragment>
  <table>
    <tbody
      class="_grid_body_4a2c43"
    >
      <tr
        class="_grid_row_4a2c43"
      >
        <td
          class="_grid_cell_4a2c43"
        >
          <div
            class="_checkbox_4a2c43"
          >
            <input
              class="_checkbox_input_4a2c43"
              id="select_row_row1"
              type="checkbox"
            />
            <label
              class="_label_c20562"
              for="select_row_row1"
            >
              <svg
                fill="currentColor"
                height="1em"
                role="img"
                viewBox="0 0 16 16"
                width="1em"
              >
                <path
                  d="M14 0H2C.9 0 0 .9 0 2v12c0 1.1.9 2 2 2h12c1.1 0 2-.9 2-2V2c0-1.1-.9-2-2-2zm0 14H2V2h12v12z"
                  fill="currentColor"
                />
              </svg>
            </label>
          </div>
        </td>
        <td
          class="_grid_cell_4a2c43"
        >
          Value 1
        </td>
        <td
          class="_grid_cell_4a2c43"
        >
          Value 2
        </td>
        <td
          class="_grid_cell_4a2c43"
        >
          Value 3
        </td>
      </tr>
      <tr
        class="_grid_row_4a2c43"
      >
        <td
          class="_grid_cell_4a2c43"
        >
          <div
            class="_checkbox_4a2c43"
          >
            <input
              class="_checkbox_input_4a2c43"
              id="select_row_row2"
              type="checkbox"
            />
            <label
              class="_label_c20562"
              for="select_row_row2"
            >
              <svg
                fill="currentColor"
                height="1em"
                role="img"
                viewBox="0 0 16 16"
                width="1em"
              >
                <path
                  d="M14 0H2C.9 0 0 .9 0 2v12c0 1.1.9 2 2 2h12c1.1 0 2-.9 2-2V2c0-1.1-.9-2-2-2zm0 14H2V2h12v12z"
                  fill="currentColor"
                />
              </svg>
            </label>
          </div>
        </td>
        <td
          class="_grid_cell_4a2c43"
        >
          Value 5
        </td>
        <td
          class="_grid_cell_4a2c43"
        >
          Value 6
        </td>
        <td
          class="_grid_cell_4a2c43"
        >
          Value 7
        </td>
      </tr>
      <tr
        class="_grid_row_4a2c43"
      >
        <td
          class="_grid_cell_4a2c43"
        >
          <div
            class="_checkbox_4a2c43"
          >
            <input
              class="_checkbox_input_4a2c43"
              id="select_row_row3"
              type="checkbox"
            />
            <label
              class="_label_c20562"
              for="select_row_row3"
            >
              <svg
                fill="currentColor"
                height="1em"
                role="img"
                viewBox="0 0 16 16"
                width="1em"
              >
                <path
                  d="M14 0H2C.9 0 0 .9 0 2v12c0 1.1.9 2 2 2h12c1.1 0 2-.9 2-2V2c0-1.1-.9-2-2-2zm0 14H2V2h12v12z"
                  fill="currentColor"
                />
              </svg>
            </label>
          </div>
        </td>
        <td
          class="_grid_cell_4a2c43"
        >
          Value 9
        </td>
        <td
          class="_grid_cell_4a2c43"
        >
          Value 10
        </td>
        <td
          class="_grid_cell_4a2c43"
        >
          Value 11
        </td>
      </tr>
    </tbody>
  </table>
</DocumentFragment>
`;
