// Vitest Snapshot v1, https://vitest.dev/guide/snapshot.html

exports[`ChopLogicGridBody > should match the snapshot 1`] = `
<DocumentFragment>
  <table>
    <colgroup>
      <col
        class="sc-hRDKVd gVggjg"
      />
      <col
        class="sc-hRDKVd gwPyPd"
      />
      <col
        class="sc-hRDKVd dIOaAQ column-class"
      />
      <col
        class="sc-hRDKVd dIOaAQ"
      />
    </colgroup>
  </table>
</DocumentFragment>
`;
