// Vitest Snapshot v1, https://vitest.dev/guide/snapshot.html

exports[`ChopLogicGridBody > should match the snapshot 1`] = `
<DocumentFragment>
  <table>
    <colgroup>
      <col
        class="sc-ixGGxD hwvGSM"
      />
      <col
        class="sc-ixGGxD fPLzYd"
      />
      <col
        class="sc-ixGGxD kUgDBs column-class"
      />
      <col
        class="sc-ixGGxD kUgDBs"
      />
    </colgroup>
  </table>
</DocumentFragment>
`;
