// Vitest Snapshot v1, https://vitest.dev/guide/snapshot.html

exports[`ChopLogicGrid > should match the snapshot 1`] = `
<DocumentFragment>
  <table>
    <thead>
      <tr>
        <th>
          Head
        </th>
      </tr>
    </thead>
    <tbody>
      <tr>
        <td>
          Body
        </td>
      </tr>
    </tbody>
  </table>
</DocumentFragment>
`;
