// Vitest Snapshot v1, https://vitest.dev/guide/snapshot.html

exports[`Checkbox > should render the input correctly 1`] = `
<DocumentFragment>
  <div
    class="_checkbox_ffde65"
  >
    <input
      id="test-checkbox-id"
      name="checkbox"
      type="checkbox"
    />
    <label
      class="_label_5091d6"
      for="test-checkbox-id"
    >
      <span
        class="_icon_afc5be chop-icon__square _icon__large_afc5be"
      />
      <span
        class="_label_text_5091d6"
      >
        Test label
      </span>
    </label>
  </div>
</DocumentFragment>
`;
