// Vitest Snapshot v1, https://vitest.dev/guide/snapshot.html

exports[`Checkbox > should render the input correctly 1`] = `
<DocumentFragment>
  <div
    class="cl-checkbox"
  >
    <input
      id="test-checkbox-id"
      name="checkbox"
      type="checkbox"
    />
    <label
      class="cl-label"
      for="test-checkbox-id"
    >
      <span
        class="cl-icon chop-icon__square cl-icon_large"
      />
      <span
        class="cl-label__text"
      >
        Test label
      </span>
    </label>
  </div>
</DocumentFragment>
`;
