// Vitest Snapshot v1, https://vitest.dev/guide/snapshot.html

exports[`ChopLogicGridBody > should match the snapshot 1`] = `
<DocumentFragment>
  <table>
    <colgroup>
      <col
        class="_column_4e7f6c _column__first_4e7f6c"
      />
      <col
        class="_column_4e7f6c _column__highlighted_4e7f6c"
      />
      <col
        class="_column_4e7f6c column-class"
      />
      <col
        class="_column_4e7f6c"
      />
    </colgroup>
  </table>
</DocumentFragment>
`;
