// Vitest Snapshot v1, https://vitest.dev/guide/snapshot.html

exports[`ChopLogicButton > should match the snapshot 1`] = `
<DocumentFragment>
  <button
    class="sc-kZrBCu bVSWNh button-class"
    id="button-id"
    type="button"
  >
    <span
      class="chop-logic-button_shadow"
    />
    <span
      class="chop-logic-button_edge"
    />
    <span
      class="chop-logic-button_front"
    >
      <span
        aria-label="SVG Icon Fallback"
        style="font-size: 1rem;"
      >
        ❌
      </span>
      Test button
    </span>
  </button>
</DocumentFragment>
`;
