// Vitest Snapshot v1, https://vitest.dev/guide/snapshot.html

exports[`ChopLogicErrorMessage > should match the snapshot 1`] = `
<DocumentFragment>
  <span
    class="sc-braxZu jeqSFf cl-error-message custom-error cl-error-message_visible"
    id="test-error-id"
  >
    Incorrect input
  </span>
</DocumentFragment>
`;

exports[`ChopLogicErrorMessage > should render correctly 1`] = `
<DocumentFragment>
  <span
    class="sc-braxZu jeqSFf cl-error-message custom-error cl-error-message_visible"
    id="test-error-id"
  >
    Incorrect input
  </span>
</DocumentFragment>
`;
