// Vitest Snapshot v1, https://vitest.dev/guide/snapshot.html

exports[`Breadcrumbs > matches the snapshot 1`] = `
<DocumentFragment>
  <nav
    aria-label="Breadcrumb"
    class="cl-breadcrumbs"
  >
    <ol
      class="cl-breadcrumbs__list"
    >
      <li
        class="cl-breadcrumbs__item"
      >
        <a
          aria-disabled="false"
          class="cl-link cl-breadcrumbs__link"
          href="/"
        >
          <span
            aria-hidden="true"
            class="cl-link__icon cl-icon chop-icon__home cl-icon_small"
          />
          <span
            class="cl-link__text"
          >
            Home
          </span>
        </a>
      </li>
      <span
        class="cl-icon chop-icon__chevron-right cl-icon_small"
        data-testid="breadcrumb-separator"
      />
      <li
        class="cl-breadcrumbs__item"
      >
        <a
          aria-disabled="false"
          class="cl-link cl-breadcrumbs__link"
          href="/products"
        >
          <span
            aria-hidden="true"
            class="cl-link__icon cl-icon chop-icon__activity cl-icon_small"
          />
          <span
            class="cl-link__text"
          >
            Products
          </span>
        </a>
      </li>
      <span
        class="cl-icon chop-icon__chevron-right cl-icon_small"
        data-testid="breadcrumb-separator"
      />
      <li
        class="cl-breadcrumbs__item"
      >
        <a
          aria-disabled="false"
          class="cl-link cl-breadcrumbs__link"
          href="/products/electronics"
        >
          <span
            aria-hidden="true"
            class="cl-link__icon cl-icon chop-icon__settings cl-icon_small"
          />
          <span
            class="cl-link__text"
          >
            Electronics
          </span>
        </a>
      </li>
      <span
        class="cl-icon chop-icon__chevron-right cl-icon_small"
        data-testid="breadcrumb-separator"
      />
      <li
        class="cl-breadcrumbs__item"
      >
        <span
          aria-current="page"
          class="cl-breadcrumbs__text"
        >
          <span
            aria-hidden="true"
            class="cl-icon chop-icon__phone cl-icon_medium"
          />
          Smartphones
        </span>
      </li>
    </ol>
  </nav>
</DocumentFragment>
`;
