// Vitest Snapshot v1, https://vitest.dev/guide/snapshot.html

exports[`Breadcrumbs > matches the snapshot 1`] = `
<DocumentFragment>
  <nav
    aria-label="Breadcrumb"
    class="cl-breadcrumbs"
  >
    <ol
      class="cl-breadcrumbs__list"
    >
      <li
        class="cl-breadcrumbs__item"
      >
        <a
          data-icon="chop-icon__home"
          data-icon-position="left"
          data-testid="breadcrumb-link"
          href="/"
        >
          Home
        </a>
      </li>
      <span
        aria-hidden="true"
        class="cl-breadcrumbs__separator"
        data-testid="breadcrumb-separator"
      >
        /
      </span>
      <li
        class="cl-breadcrumbs__item"
      >
        <a
          data-icon="chop-icon__activity"
          data-icon-position="left"
          data-testid="breadcrumb-link"
          href="/products"
        >
          Products
        </a>
      </li>
      <span
        aria-hidden="true"
        class="cl-breadcrumbs__separator"
        data-testid="breadcrumb-separator"
      >
        /
      </span>
      <li
        class="cl-breadcrumbs__item"
      >
        <a
          data-icon="chop-icon__settings"
          data-icon-position="left"
          data-testid="breadcrumb-link"
          href="/products/electronics"
        >
          Electronics
        </a>
      </li>
      <span
        aria-hidden="true"
        class="cl-breadcrumbs__separator"
        data-testid="breadcrumb-separator"
      >
        /
      </span>
      <li
        class="cl-breadcrumbs__item"
      >
        <span
          aria-current="page"
          class="cl-breadcrumbs__text"
        >
          <span
            aria-hidden="true"
            data-hidden="true"
            data-icon-name="chop-icon__phone"
            data-testid="breadcrumb-icon"
          >
            chop-icon__phone icon
          </span>
          Smartphones
        </span>
      </li>
    </ol>
  </nav>
</DocumentFragment>
`;
