// Vitest Snapshot v1, https://vitest.dev/guide/snapshot.html

exports[`NumericInput > should match the snapshot 1`] = `
<DocumentFragment>
  <div
    class="sc-dpBQxM jYFUvt"
    style="width: 400px;"
  >
    <label
      class="sc-egkSDF kzQArE"
      for="numeric-input"
    >
      <span>
        Quantity
      </span>
    </label>
    <div>
      <input
        aria-errormessage="numeric-input_error"
        aria-invalid="false"
        id="numeric-input"
        max="9007199254740991"
        min="-9007199254740991"
        name="quantity"
        placeholder="0"
        step="1"
        type="number"
        value="0"
      />
      <span>
        <button
          aria-label="Decrement value for Quantity"
          class="sc-gtLWhw hwmlGN"
          type="button"
        >
          <span
            aria-label="SVG Icon Fallback"
            style="font-size: 1rem;"
          >
            ⬜
          </span>
        </button>
        <button
          aria-label="Increment value for Quantity"
          class="sc-gtLWhw hwmlGN"
          type="button"
        >
          <span
            aria-label="SVG Icon Fallback"
            style="font-size: 1rem;"
          >
            ⬜
          </span>
        </button>
      </span>
    </div>
    <span
      aria-hidden="true"
      class="sc-blHHSb eZElIT"
      id="numeric-input_error"
    >
      Invalid input
    </span>
  </div>
</DocumentFragment>
`;
