// Vitest Snapshot v1, https://vitest.dev/guide/snapshot.html

exports[`NumericInput > should match the snapshot 1`] = `
<DocumentFragment>
  <div
    class="sc-iCZwEW cXogve"
  >
    <div
      class="sc-knesRu fhmHHy"
    >
      <label
        class="sc-iKTcqh dCKerg"
        for="numeric-input"
      >
        <span
          class="sc-gnpbhQ eBqzwP"
        >
          Quantity
        </span>
      </label>
      <input
        aria-errormessage="numeric-input_error"
        aria-invalid="false"
        class="sc-dnaUSb hkjNZA"
        id="numeric-input"
        max="9007199254740991"
        min="-9007199254740991"
        name="quantity"
        step="1"
        type="number"
        value="0"
      />
    </div>
    <span
      class="sc-dsLQwm Oiwth"
      id="numeric-input_error"
    >
      Invalid input
    </span>
  </div>
</DocumentFragment>
`;
