// Vitest Snapshot v1, https://vitest.dev/guide/snapshot.html

exports[`ChopLogicGridBody > should match the snapshot 1`] = `
<DocumentFragment>
  <table>
    <colgroup>
      <col
        class="_column_30032f _column__first_30032f"
      />
      <col
        class="_column_30032f _column__highlighted_30032f"
      />
      <col
        class="_column_30032f column-class"
      />
      <col
        class="_column_30032f"
      />
    </colgroup>
  </table>
</DocumentFragment>
`;
